// Jest Snapshot v1, https://goo.gl/fbAQLP

exports[`<App /> matches snapshot 1`] = `
<div>
  <header
    class="MuiPaper-root-15 MuiAppBar-root-4 MuiAppBar-positionSticky-7 MuiAppBar-colorPrimary-11 makeStyles-root-1 MuiPaper-elevation4-22"
  >
    <div
      class="MuiToolbar-root-43 MuiToolbar-dense-46 MuiToolbar-gutters-44"
    >
      <svg
        aria-hidden="true"
        class="MuiSvgIcon-root-47 makeStyles-icon-3"
        data-testid="app-logo"
        focusable="false"
        viewBox="0 0 24 24"
      >
        <path
          d="M15 7.5V2H9v5.5l3 3 3-3zM7.5 9H2v6h5.5l3-3-3-3zM9 16.5V22h6v-5.5l-3-3-3 3zM16.5 9l-3 3 3 3H22V9h-5.5z"
        />
      </svg>
      <h6
        class="MuiTypography-root-56 makeStyles-title-2 MuiTypography-h6-66 MuiTypography-noWrap-75"
      >
        Card Memory
      </h6>
      <button
        class="MuiButtonBase-root-113 MuiButton-root-86 MuiButton-contained-94 MuiButton-containedSecondary-96"
        tabindex="0"
        type="button"
      >
        <span
          class="MuiButton-label-87"
        >
          <span
            class="MuiButton-startIcon-108 MuiButton-iconSizeMedium-111"
          >
            <svg
              aria-hidden="true"
              class="MuiSvgIcon-root-47"
              focusable="false"
              viewBox="0 0 24 24"
            >
              <path
                d="M7.11 8.53L5.7 7.11C4.8 8.27 4.24 9.61 4.07 11h2.02c.14-.87.49-1.72 1.02-2.47zM6.09 13H4.07c.17 1.39.72 2.73 1.62 3.89l1.41-1.42c-.52-.75-.87-1.59-1.01-2.47zm1.01 5.32c1.16.9 2.51 1.44 3.9 1.61V17.9c-.87-.15-1.71-.49-2.46-1.03L7.1 18.32zM13 4.07V1L8.45 5.55 13 10V6.09c2.84.48 5 2.94 5 5.91s-2.16 5.43-5 5.91v2.02c3.95-.49 7-3.85 7-7.93s-3.05-7.44-7-7.93z"
              />
            </svg>
          </span>
          Restart
        </span>
        <span
          class="MuiTouchRipple-root-153"
        />
      </button>
    </div>
  </header>
  <h6
    class="MuiTypography-root-56 makeStyles-stats-116 MuiTypography-h6-66"
  >
    Click each card to reveal it. When a pair is matched, it will remain visible until the game finishes.
    <br />
    Unmatched pairs will be hidden after a short delay.
    <p />
    You have solved 
    0
     out of 
    10
     pairs in 
    1
     moves
  </h6>
  <div
    class="MuiBox-root-117 MuiBox-root-118"
  >
    <div
      class="MuiBox-root-117 MuiBox-root-125 makeStyles-card-119"
      data-testid="card"
    >
      <svg
        aria-hidden="true"
        class="MuiSvgIcon-root-47 makeStyles-cardContent-123 makeStyles-faceCommon-120 makeStyles-icon-121"
        data-testid="card-back-icon"
        focusable="false"
        viewBox="0 0 24 24"
      >
        <path
          d="M11 18h2v-2h-2v2zm1-16C6.48 2 2 6.48 2 12s4.48 10 10 10 10-4.48 10-10S17.52 2 12 2zm0 18c-4.41 0-8-3.59-8-8s3.59-8 8-8 8 3.59 8 8-3.59 8-8 8zm0-14c-2.21 0-4 1.79-4 4h2c0-1.1.9-2 2-2s2 .9 2 2c0 2-3 1.75-3 5h2c0-2.25 3-2.5 3-5 0-2.21-1.79-4-4-4z"
        />
      </svg>
    </div>
    <div
      class="MuiBox-root-117 MuiBox-root-126 makeStyles-card-119 makeStyles-faceUp-124"
      data-testid="card"
    >
      <div
        class="MuiBox-root-117 MuiBox-root-127 makeStyles-cardContent-123 makeStyles-faceUp-124"
      >
        <span
          class="MuiAvatar-root-128 MuiAvatar-circle-130 makeStyles-faceCommon-120 makeStyles-avatar-122 MuiAvatar-colorDefault-129"
        >
          1
        </span>
      </div>
    </div>
    <div
      class="MuiBox-root-117 MuiBox-root-135 makeStyles-card-119"
      data-testid="card"
    >
      <svg
        aria-hidden="true"
        class="MuiSvgIcon-root-47 makeStyles-cardContent-123 makeStyles-faceCommon-120 makeStyles-icon-121"
        data-testid="card-back-icon"
        focusable="false"
        viewBox="0 0 24 24"
      >
        <path
          d="M11 18h2v-2h-2v2zm1-16C6.48 2 2 6.48 2 12s4.48 10 10 10 10-4.48 10-10S17.52 2 12 2zm0 18c-4.41 0-8-3.59-8-8s3.59-8 8-8 8 3.59 8 8-3.59 8-8 8zm0-14c-2.21 0-4 1.79-4 4h2c0-1.1.9-2 2-2s2 .9 2 2c0 2-3 1.75-3 5h2c0-2.25 3-2.5 3-5 0-2.21-1.79-4-4-4z"
        />
      </svg>
    </div>
    <div
      class="MuiBox-root-117 MuiBox-root-136 makeStyles-card-119"
      data-testid="card"
    >
      <svg
        aria-hidden="true"
        class="MuiSvgIcon-root-47 makeStyles-cardContent-123 makeStyles-faceCommon-120 makeStyles-icon-121"
        data-testid="card-back-icon"
        focusable="false"
        viewBox="0 0 24 24"
      >
        <path
          d="M11 18h2v-2h-2v2zm1-16C6.48 2 2 6.48 2 12s4.48 10 10 10 10-4.48 10-10S17.52 2 12 2zm0 18c-4.41 0-8-3.59-8-8s3.59-8 8-8 8 3.59 8 8-3.59 8-8 8zm0-14c-2.21 0-4 1.79-4 4h2c0-1.1.9-2 2-2s2 .9 2 2c0 2-3 1.75-3 5h2c0-2.25 3-2.5 3-5 0-2.21-1.79-4-4-4z"
        />
      </svg>
    </div>
    <div
      class="MuiBox-root-117 MuiBox-root-137 makeStyles-card-119"
      data-testid="card"
    >
      <svg
        aria-hidden="true"
        class="MuiSvgIcon-root-47 makeStyles-cardContent-123 makeStyles-faceCommon-120 makeStyles-icon-121"
        data-testid="card-back-icon"
        focusable="false"
        viewBox="0 0 24 24"
      >
        <path
          d="M11 18h2v-2h-2v2zm1-16C6.48 2 2 6.48 2 12s4.48 10 10 10 10-4.48 10-10S17.52 2 12 2zm0 18c-4.41 0-8-3.59-8-8s3.59-8 8-8 8 3.59 8 8-3.59 8-8 8zm0-14c-2.21 0-4 1.79-4 4h2c0-1.1.9-2 2-2s2 .9 2 2c0 2-3 1.75-3 5h2c0-2.25 3-2.5 3-5 0-2.21-1.79-4-4-4z"
        />
      </svg>
    </div>
    <div
      class="MuiBox-root-117 MuiBox-root-138 makeStyles-card-119"
      data-testid="card"
    >
      <svg
        aria-hidden="true"
        class="MuiSvgIcon-root-47 makeStyles-cardContent-123 makeStyles-faceCommon-120 makeStyles-icon-121"
        data-testid="card-back-icon"
        focusable="false"
        viewBox="0 0 24 24"
      >
        <path
          d="M11 18h2v-2h-2v2zm1-16C6.48 2 2 6.48 2 12s4.48 10 10 10 10-4.48 10-10S17.52 2 12 2zm0 18c-4.41 0-8-3.59-8-8s3.59-8 8-8 8 3.59 8 8-3.59 8-8 8zm0-14c-2.21 0-4 1.79-4 4h2c0-1.1.9-2 2-2s2 .9 2 2c0 2-3 1.75-3 5h2c0-2.25 3-2.5 3-5 0-2.21-1.79-4-4-4z"
        />
      </svg>
    </div>
    <div
      class="MuiBox-root-117 MuiBox-root-139 makeStyles-card-119"
      data-testid="card"
    >
      <svg
        aria-hidden="true"
        class="MuiSvgIcon-root-47 makeStyles-cardContent-123 makeStyles-faceCommon-120 makeStyles-icon-121"
        data-testid="card-back-icon"
        focusable="false"
        viewBox="0 0 24 24"
      >
        <path
          d="M11 18h2v-2h-2v2zm1-16C6.48 2 2 6.48 2 12s4.48 10 10 10 10-4.48 10-10S17.52 2 12 2zm0 18c-4.41 0-8-3.59-8-8s3.59-8 8-8 8 3.59 8 8-3.59 8-8 8zm0-14c-2.21 0-4 1.79-4 4h2c0-1.1.9-2 2-2s2 .9 2 2c0 2-3 1.75-3 5h2c0-2.25 3-2.5 3-5 0-2.21-1.79-4-4-4z"
        />
      </svg>
    </div>
    <div
      class="MuiBox-root-117 MuiBox-root-140 makeStyles-card-119"
      data-testid="card"
    >
      <svg
        aria-hidden="true"
        class="MuiSvgIcon-root-47 makeStyles-cardContent-123 makeStyles-faceCommon-120 makeStyles-icon-121"
        data-testid="card-back-icon"
        focusable="false"
        viewBox="0 0 24 24"
      >
        <path
          d="M11 18h2v-2h-2v2zm1-16C6.48 2 2 6.48 2 12s4.48 10 10 10 10-4.48 10-10S17.52 2 12 2zm0 18c-4.41 0-8-3.59-8-8s3.59-8 8-8 8 3.59 8 8-3.59 8-8 8zm0-14c-2.21 0-4 1.79-4 4h2c0-1.1.9-2 2-2s2 .9 2 2c0 2-3 1.75-3 5h2c0-2.25 3-2.5 3-5 0-2.21-1.79-4-4-4z"
        />
      </svg>
    </div>
    <div
      class="MuiBox-root-117 MuiBox-root-141 makeStyles-card-119"
      data-testid="card"
    >
      <svg
        aria-hidden="true"
        class="MuiSvgIcon-root-47 makeStyles-cardContent-123 makeStyles-faceCommon-120 makeStyles-icon-121"
        data-testid="card-back-icon"
        focusable="false"
        viewBox="0 0 24 24"
      >
        <path
          d="M11 18h2v-2h-2v2zm1-16C6.48 2 2 6.48 2 12s4.48 10 10 10 10-4.48 10-10S17.52 2 12 2zm0 18c-4.41 0-8-3.59-8-8s3.59-8 8-8 8 3.59 8 8-3.59 8-8 8zm0-14c-2.21 0-4 1.79-4 4h2c0-1.1.9-2 2-2s2 .9 2 2c0 2-3 1.75-3 5h2c0-2.25 3-2.5 3-5 0-2.21-1.79-4-4-4z"
        />
      </svg>
    </div>
    <div
      class="MuiBox-root-117 MuiBox-root-142 makeStyles-card-119"
      data-testid="card"
    >
      <svg
        aria-hidden="true"
        class="MuiSvgIcon-root-47 makeStyles-cardContent-123 makeStyles-faceCommon-120 makeStyles-icon-121"
        data-testid="card-back-icon"
        focusable="false"
        viewBox="0 0 24 24"
      >
        <path
          d="M11 18h2v-2h-2v2zm1-16C6.48 2 2 6.48 2 12s4.48 10 10 10 10-4.48 10-10S17.52 2 12 2zm0 18c-4.41 0-8-3.59-8-8s3.59-8 8-8 8 3.59 8 8-3.59 8-8 8zm0-14c-2.21 0-4 1.79-4 4h2c0-1.1.9-2 2-2s2 .9 2 2c0 2-3 1.75-3 5h2c0-2.25 3-2.5 3-5 0-2.21-1.79-4-4-4z"
        />
      </svg>
    </div>
    <div
      class="MuiBox-root-117 MuiBox-root-143 makeStyles-card-119"
      data-testid="card"
    >
      <svg
        aria-hidden="true"
        class="MuiSvgIcon-root-47 makeStyles-cardContent-123 makeStyles-faceCommon-120 makeStyles-icon-121"
        data-testid="card-back-icon"
        focusable="false"
        viewBox="0 0 24 24"
      >
        <path
          d="M11 18h2v-2h-2v2zm1-16C6.48 2 2 6.48 2 12s4.48 10 10 10 10-4.48 10-10S17.52 2 12 2zm0 18c-4.41 0-8-3.59-8-8s3.59-8 8-8 8 3.59 8 8-3.59 8-8 8zm0-14c-2.21 0-4 1.79-4 4h2c0-1.1.9-2 2-2s2 .9 2 2c0 2-3 1.75-3 5h2c0-2.25 3-2.5 3-5 0-2.21-1.79-4-4-4z"
        />
      </svg>
    </div>
    <div
      class="MuiBox-root-117 MuiBox-root-144 makeStyles-card-119"
      data-testid="card"
    >
      <svg
        aria-hidden="true"
        class="MuiSvgIcon-root-47 makeStyles-cardContent-123 makeStyles-faceCommon-120 makeStyles-icon-121"
        data-testid="card-back-icon"
        focusable="false"
        viewBox="0 0 24 24"
      >
        <path
          d="M11 18h2v-2h-2v2zm1-16C6.48 2 2 6.48 2 12s4.48 10 10 10 10-4.48 10-10S17.52 2 12 2zm0 18c-4.41 0-8-3.59-8-8s3.59-8 8-8 8 3.59 8 8-3.59 8-8 8zm0-14c-2.21 0-4 1.79-4 4h2c0-1.1.9-2 2-2s2 .9 2 2c0 2-3 1.75-3 5h2c0-2.25 3-2.5 3-5 0-2.21-1.79-4-4-4z"
        />
      </svg>
    </div>
    <div
      class="MuiBox-root-117 MuiBox-root-145 makeStyles-card-119"
      data-testid="card"
    >
      <svg
        aria-hidden="true"
        class="MuiSvgIcon-root-47 makeStyles-cardContent-123 makeStyles-faceCommon-120 makeStyles-icon-121"
        data-testid="card-back-icon"
        focusable="false"
        viewBox="0 0 24 24"
      >
        <path
          d="M11 18h2v-2h-2v2zm1-16C6.48 2 2 6.48 2 12s4.48 10 10 10 10-4.48 10-10S17.52 2 12 2zm0 18c-4.41 0-8-3.59-8-8s3.59-8 8-8 8 3.59 8 8-3.59 8-8 8zm0-14c-2.21 0-4 1.79-4 4h2c0-1.1.9-2 2-2s2 .9 2 2c0 2-3 1.75-3 5h2c0-2.25 3-2.5 3-5 0-2.21-1.79-4-4-4z"
        />
      </svg>
    </div>
    <div
      class="MuiBox-root-117 MuiBox-root-146 makeStyles-card-119"
      data-testid="card"
    >
      <svg
        aria-hidden="true"
        class="MuiSvgIcon-root-47 makeStyles-cardContent-123 makeStyles-faceCommon-120 makeStyles-icon-121"
        data-testid="card-back-icon"
        focusable="false"
        viewBox="0 0 24 24"
      >
        <path
          d="M11 18h2v-2h-2v2zm1-16C6.48 2 2 6.48 2 12s4.48 10 10 10 10-4.48 10-10S17.52 2 12 2zm0 18c-4.41 0-8-3.59-8-8s3.59-8 8-8 8 3.59 8 8-3.59 8-8 8zm0-14c-2.21 0-4 1.79-4 4h2c0-1.1.9-2 2-2s2 .9 2 2c0 2-3 1.75-3 5h2c0-2.25 3-2.5 3-5 0-2.21-1.79-4-4-4z"
        />
      </svg>
    </div>
    <div
      class="MuiBox-root-117 MuiBox-root-147 makeStyles-card-119"
      data-testid="card"
    >
      <svg
        aria-hidden="true"
        class="MuiSvgIcon-root-47 makeStyles-cardContent-123 makeStyles-faceCommon-120 makeStyles-icon-121"
        data-testid="card-back-icon"
        focusable="false"
        viewBox="0 0 24 24"
      >
        <path
          d="M11 18h2v-2h-2v2zm1-16C6.48 2 2 6.48 2 12s4.48 10 10 10 10-4.48 10-10S17.52 2 12 2zm0 18c-4.41 0-8-3.59-8-8s3.59-8 8-8 8 3.59 8 8-3.59 8-8 8zm0-14c-2.21 0-4 1.79-4 4h2c0-1.1.9-2 2-2s2 .9 2 2c0 2-3 1.75-3 5h2c0-2.25 3-2.5 3-5 0-2.21-1.79-4-4-4z"
        />
      </svg>
    </div>
    <div
      class="MuiBox-root-117 MuiBox-root-148 makeStyles-card-119"
      data-testid="card"
    >
      <svg
        aria-hidden="true"
        class="MuiSvgIcon-root-47 makeStyles-cardContent-123 makeStyles-faceCommon-120 makeStyles-icon-121"
        data-testid="card-back-icon"
        focusable="false"
        viewBox="0 0 24 24"
      >
        <path
          d="M11 18h2v-2h-2v2zm1-16C6.48 2 2 6.48 2 12s4.48 10 10 10 10-4.48 10-10S17.52 2 12 2zm0 18c-4.41 0-8-3.59-8-8s3.59-8 8-8 8 3.59 8 8-3.59 8-8 8zm0-14c-2.21 0-4 1.79-4 4h2c0-1.1.9-2 2-2s2 .9 2 2c0 2-3 1.75-3 5h2c0-2.25 3-2.5 3-5 0-2.21-1.79-4-4-4z"
        />
      </svg>
    </div>
    <div
      class="MuiBox-root-117 MuiBox-root-149 makeStyles-card-119"
      data-testid="card"
    >
      <svg
        aria-hidden="true"
        class="MuiSvgIcon-root-47 makeStyles-cardContent-123 makeStyles-faceCommon-120 makeStyles-icon-121"
        data-testid="card-back-icon"
        focusable="false"
        viewBox="0 0 24 24"
      >
        <path
          d="M11 18h2v-2h-2v2zm1-16C6.48 2 2 6.48 2 12s4.48 10 10 10 10-4.48 10-10S17.52 2 12 2zm0 18c-4.41 0-8-3.59-8-8s3.59-8 8-8 8 3.59 8 8-3.59 8-8 8zm0-14c-2.21 0-4 1.79-4 4h2c0-1.1.9-2 2-2s2 .9 2 2c0 2-3 1.75-3 5h2c0-2.25 3-2.5 3-5 0-2.21-1.79-4-4-4z"
        />
      </svg>
    </div>
    <div
      class="MuiBox-root-117 MuiBox-root-150 makeStyles-card-119"
      data-testid="card"
    >
      <svg
        aria-hidden="true"
        class="MuiSvgIcon-root-47 makeStyles-cardContent-123 makeStyles-faceCommon-120 makeStyles-icon-121"
        data-testid="card-back-icon"
        focusable="false"
        viewBox="0 0 24 24"
      >
        <path
          d="M11 18h2v-2h-2v2zm1-16C6.48 2 2 6.48 2 12s4.48 10 10 10 10-4.48 10-10S17.52 2 12 2zm0 18c-4.41 0-8-3.59-8-8s3.59-8 8-8 8 3.59 8 8-3.59 8-8 8zm0-14c-2.21 0-4 1.79-4 4h2c0-1.1.9-2 2-2s2 .9 2 2c0 2-3 1.75-3 5h2c0-2.25 3-2.5 3-5 0-2.21-1.79-4-4-4z"
        />
      </svg>
    </div>
    <div
      class="MuiBox-root-117 MuiBox-root-151 makeStyles-card-119"
      data-testid="card"
    >
      <svg
        aria-hidden="true"
        class="MuiSvgIcon-root-47 makeStyles-cardContent-123 makeStyles-faceCommon-120 makeStyles-icon-121"
        data-testid="card-back-icon"
        focusable="false"
        viewBox="0 0 24 24"
      >
        <path
          d="M11 18h2v-2h-2v2zm1-16C6.48 2 2 6.48 2 12s4.48 10 10 10 10-4.48 10-10S17.52 2 12 2zm0 18c-4.41 0-8-3.59-8-8s3.59-8 8-8 8 3.59 8 8-3.59 8-8 8zm0-14c-2.21 0-4 1.79-4 4h2c0-1.1.9-2 2-2s2 .9 2 2c0 2-3 1.75-3 5h2c0-2.25 3-2.5 3-5 0-2.21-1.79-4-4-4z"
        />
      </svg>
    </div>
    <div
      class="MuiBox-root-117 MuiBox-root-152 makeStyles-card-119"
      data-testid="card"
    >
      <svg
        aria-hidden="true"
        class="MuiSvgIcon-root-47 makeStyles-cardContent-123 makeStyles-faceCommon-120 makeStyles-icon-121"
        data-testid="card-back-icon"
        focusable="false"
        viewBox="0 0 24 24"
      >
        <path
          d="M11 18h2v-2h-2v2zm1-16C6.48 2 2 6.48 2 12s4.48 10 10 10 10-4.48 10-10S17.52 2 12 2zm0 18c-4.41 0-8-3.59-8-8s3.59-8 8-8 8 3.59 8 8-3.59 8-8 8zm0-14c-2.21 0-4 1.79-4 4h2c0-1.1.9-2 2-2s2 .9 2 2c0 2-3 1.75-3 5h2c0-2.25 3-2.5 3-5 0-2.21-1.79-4-4-4z"
        />
      </svg>
    </div>
  </div>
</div>
`;
