// Jest Snapshot v1, https://goo.gl/fbAQLP

exports[`<Stats /> matches snapshot 1`] = `
<div>
  <h6
    class="MuiTypography-root makeStyles-stats-1 MuiTypography-h6"
  >
    Click each card to reveal it. When a pair is matched, it will remain visible until the game finishes.
    <br />
    Unmatched pairs will be hidden after a short delay.
    <p />
    You have solved 
    1
     out of 
    5
     pairs in 
    42
     moves
  </h6>
</div>
`;
