// Jest Snapshot v1, https://goo.gl/fbAQLP

exports[`<Stats /> matches snapshot 1`] = `
<div>
  <h6
    class="MuiTypography-root makeStyles-stats-1 MuiTypography-h6"
  >
    Click each card to reveal it. When a pair is matched, it will remain visible until the game finishes. Only two unmatched cards can be revealed at any given time.
  </h6>
</div>
`;
